kaanapali_ccd_base.json
kaanapali_default_sensors.json
kaanapali_irq.json
kaanapali_power_0.json
kaanapali_bu52053nvx_0.json
kaanapali_qsh_ble_0.json
sns_amd.json
sns_aont.json
kaanapali_ccd_v6_0_amd.json
kaanapali_ccd_v6_0_regs.json
kaanapali_ccd_v6_0_sensors.json
kaanapali_ccd_v6_0_walk.json
sns_cm.json
kaanapali_dae.json
sns_device_orient.json
sns_diag_filter.json
sns_direct_channel.json
sns_distance_bound.json
sns_dpc.json
sns_flight_md.json
sns_fmv.json
sns_gyro_cal.json
sns_mag_cal.json
sns_offbody_detect_phone.json
sns_pedometer.json
sns_rmd.json
sns_rotv.json
sns_smd.json
sns_tilt.json
sns_tilt_to_wake.json
sns_transport_ppe.json
qsh_ble.json
kaanapali_lsm6dsv_0.json
kaanapali_mtp_lsm6dsv_0.json
sns_cal.json
kaanapali_ak991x_0.json
kaanapali_mtp_ak991x_0.json
kaanapali_fcal_ak991x_0.json
kaanapali_stk3a7x_0.json
kaanapali_stk5x15x_0.json
kaanapali_stk50153_0.json
kaanapali_akmlib.json
